[debug] > Exec(early(addDefaultCommands), None, None)
[debug] > Exec(addDefaultCommands, None, None)
[debug] > Exec(early(initialize), None, None)
[debug] > Exec(initialize, None, None)
[debug] > Exec(boot, None, None)
[debug] > Exec(writeSbtVersion, None, None)
[debug] > Exec(reload, None, None)
[debug] > Exec(sbtStashOnFailure, None, None)
[debug] > Exec(onFailure loadFailed, None, None)
[debug] > Exec(loadp, None, None)
[info] welcome to sbt 1.9.6 (Eclipse Adoptium Java 17.0.8)
[debug] Load.defaultLoad until apply took 887.8924ms
[debug]           Load.loadUnit: plugins took 313.9624ms
[debug]           Load.loadUnit: defsScala took 0.5118ms
[debug] [Loading] Scanning directory C:\Users\ZAIN UL ABDIN\Documents\scala_learnings\Basics\project
[debug] [Loading] Found non-root projects 
[debug] [Loading] Done in C:\Users\ZAIN UL ABDIN\Documents\scala_learnings\Basics\project, returning: ()
[debug] deducing auto plugins based on known facts Set(Atom(sbt.plugins.CorePlugin)) and clauses Clauses(Clause(Atom(sbt.plugins.JvmPlugin),Set(Atom(sbt.plugins.IvyPlugin)))
[debug] Clause(Atom(sbt.ScriptedPlugin),Set(Atom(sbt.plugins.JvmPlugin)))
[debug] Clause(Atom(sbt.plugins.SbtPlugin),Set(Atom(sbt.ScriptedPlugin)))
[debug] Clause(Atom(sbt.plugins.SemanticdbPlugin),Set(Atom(sbt.plugins.JvmPlugin)))
[debug] Clause(Atom(sbt.plugins.JUnitXmlReportPlugin),Set(Atom(sbt.plugins.JvmPlugin)))
[debug] Clause(Atom(sbt.plugins.MiniDependencyTreePlugin),Set(Atom(sbt.plugins.JvmPlugin)))
[debug] Clause(Atom(sbt.plugins.CorePlugin),Set(Atom(sbt.plugins.IvyPlugin)))
[debug] Clause(Atom(sbt.plugins.IvyPlugin),Set(Atom(sbt.plugins.JvmPlugin)))
[debug] Clause(Atom(sbt.plugins.JvmPlugin),Set(Atom(sbt.plugins.SemanticdbPlugin)))
[debug] Clause(Atom(sbt.plugins.JvmPlugin),Set(Atom(sbt.plugins.JUnitXmlReportPlugin)))
[debug] Clause(Atom(sbt.plugins.CorePlugin),Set(Atom(sbt.plugins.Giter8TemplatePlugin)))
[debug] Clause(Atom(sbt.plugins.JvmPlugin),Set(Atom(sbt.plugins.MiniDependencyTreePlugin))))
[debug]   :: deduced result: Matched(sbt.plugins.CorePlugin,sbt.plugins.Giter8TemplatePlugin,sbt.plugins.IvyPlugin,sbt.plugins.JvmPlugin,sbt.plugins.MiniDependencyTreePlugin,sbt.plugins.JUnitXmlReportPlugin,sbt.plugins.SemanticdbPlugin)
[debug] Plugins.deducer#function took 54.322 ms
[debug]               Load.resolveProject(basics-build) took 109.314ms
[debug]             Load.loadTransitive: finalizeProject(Project(id basics-build, base: C:\Users\ZAIN UL ABDIN\Documents\scala_learnings\Basics\project, plugins: List(<none>))) took 254.1072ms
[debug] [Loading] Done in C:\Users\ZAIN UL ABDIN\Documents\scala_learnings\Basics\project, returning: (basics-build)
[debug]           Load.loadUnit: loadedProjectsRaw took 348.9455ms
[debug]           Load.loadUnit: cleanEvalClasses took 0.5197ms
[debug]         Load.loadUnit(file:/C:/Users/ZAIN%20UL%20ABDIN/Documents/scala_learnings/Basics/project/, ...) took 677.961ms
[debug]       Load.apply: load took 1135.6743ms
[debug]       Load.apply: resolveProjects took 15.9789ms
[debug]       Load.apply: finalTransforms took 212.9098ms
[debug]       Load.apply: config.delegates took 22.2625ms
[debug]       Load.apply: Def.make(settings)... took 2425.1528ms
[debug]       Load.apply: structureIndex took 234.3383ms
[debug]       Load.apply: mkStreams took 2.8492ms
[info] loading project definition from C:\Users\ZAIN UL ABDIN\Documents\scala_learnings\Basics\project
[debug] Running task... Cancel: Signal, check cycles: false, forcegc: true
[debug]     Load.loadUnit: plugins took 6574.6787ms
[debug]     Load.loadUnit: defsScala took 0.0099ms
[debug] [Loading] Scanning directory C:\Users\ZAIN UL ABDIN\Documents\scala_learnings\Basics
[debug]       Load.loadUnit: mkEval took 10.9931ms
[debug] [Loading] Found root project root w/ remaining 
[debug] deducing auto plugins based on known facts Set(Atom(sbt.plugins.CorePlugin)) and clauses Clauses(Clause(Atom(sbt.plugins.JvmPlugin),Set(Atom(sbt.plugins.IvyPlugin)))
[debug] Clause(Atom(sbt.ScriptedPlugin),Set(Atom(sbt.plugins.JvmPlugin)))
[debug] Clause(Atom(sbt.plugins.SbtPlugin),Set(Atom(sbt.ScriptedPlugin)))
[debug] Clause(Atom(sbt.plugins.SemanticdbPlugin),Set(Atom(sbt.plugins.JvmPlugin)))
[debug] Clause(Atom(sbt.plugins.JUnitXmlReportPlugin),Set(Atom(sbt.plugins.JvmPlugin)))
[debug] Clause(Atom(sbt.plugins.MiniDependencyTreePlugin),Set(Atom(sbt.plugins.JvmPlugin)))
[debug] Clause(Atom(sbt.plugins.CorePlugin),Set(Atom(sbt.plugins.IvyPlugin)))
[debug] Clause(Atom(sbt.plugins.IvyPlugin),Set(Atom(sbt.plugins.JvmPlugin)))
[debug] Clause(Atom(sbt.plugins.JvmPlugin),Set(Atom(sbt.plugins.SemanticdbPlugin)))
[debug] Clause(Atom(sbt.plugins.JvmPlugin),Set(Atom(sbt.plugins.JUnitXmlReportPlugin)))
[debug] Clause(Atom(sbt.plugins.CorePlugin),Set(Atom(sbt.plugins.Giter8TemplatePlugin)))
[debug] Clause(Atom(sbt.plugins.JvmPlugin),Set(Atom(sbt.plugins.MiniDependencyTreePlugin))))
[debug]   :: deduced result: Matched(sbt.plugins.CorePlugin,sbt.plugins.Giter8TemplatePlugin,sbt.plugins.IvyPlugin,sbt.plugins.JvmPlugin,sbt.plugins.MiniDependencyTreePlugin,sbt.plugins.JUnitXmlReportPlugin,sbt.plugins.SemanticdbPlugin)
[debug] Plugins.deducer#function took 6.8209 ms
[info] loading settings for project root from build.sbt ...
[debug]         Load.resolveProject(root) took 5.562ms
[debug]       Load.loadTransitive: finalizeProject(Project(id root, base: C:\Users\ZAIN UL ABDIN\Documents\scala_learnings\Basics, plugins: List(<none>))) took 15.8547ms
[debug] [Loading] Done in C:\Users\ZAIN UL ABDIN\Documents\scala_learnings\Basics, returning: (root)
[debug]     Load.loadUnit: loadedProjectsRaw took 472.0682ms
[debug]     Load.loadUnit: cleanEvalClasses took 22.1488ms
[debug]   Load.loadUnit(file:/C:/Users/ZAIN%20UL%20ABDIN/Documents/scala_learnings/Basics/, ...) took 7072.1921ms
[debug] Load.apply: load took 7124.1331ms
[debug] Load.apply: resolveProjects took 0.1656ms
[debug] Load.apply: finalTransforms took 57.5652ms
[debug] Load.apply: config.delegates took 0.8832ms
[debug] Load.apply: Def.make(settings)... took 386.7631ms
[debug] Load.apply: structureIndex took 81.8852ms
[debug] Load.apply: mkStreams took 0.0029ms
[info] set current project to Basics (in build file:/C:/Users/ZAIN%20UL%20ABDIN/Documents/scala_learnings/Basics/)
[debug] > Exec(sbtPopOnFailure, None, None)
[debug] > Exec(resumeFromFailure, None, None)
[debug] > Exec(notifyUsersAboutShell, None, None)
[debug] > Exec(iflast shell, None, None)
[debug] > Exec(shell, None, None)
[info] sbt server started at local:sbt-server-0c2bc6bd759aebda0abf
[debug] Writing bsp connection file
[info] started sbt server
